I""<h1 id="docker-compose-volumes">Docker Compose Volumes</h1>

<p><strong>volumes的作用有点类似于VMware里面的共享目录，用于将物理主机里的目录映射到docker虚拟机里。</strong></p>

<h2 id="通常用法">通常用法</h2>
<div class="highlighter-rouge"><div class="highlight"><pre class="highlight"><code>version: '2'

networks:
  thinking:

services:
  test_1.thinking.com:
    image: ubuntu
    ports:
      - "3333:3333"
    container_name: test_1.thinking.com
    command: /bin/bash
    volumes:
      - $PWD/:/test_pwd
    tty: true
    networks:
      - thinking

  test_2.thinking.com:
    image: ubuntu
    ports:
      - "4444:4444"
    container_name: test_2.thinking.com
    command: /bin/bash
    tty: true
    networks:
      - thinking
</code></pre></div></div>
<p>其中</p>
<div class="highlighter-rouge"><div class="highlight"><pre class="highlight"><code>    volumes:
    - $PWD/:/test_pwd
</code></pre></div></div>

<p>表示将物理机的当前目录映射到docker虚拟机/test_pwd里面。</p>

<p>执行</p>

<div class="highlighter-rouge"><div class="highlight"><pre class="highlight"><code>$ docker-compose -f test_voloumes.yaml up -d
Creating network "desktop_thinking" with the default driver
Creating test_1.thinking.com ... done

Creating test_2.thinking.com ... done
</code></pre></div></div>
<div class="highlighter-rouge"><div class="highlight"><pre class="highlight"><code>$ docker exec -it test_1.thinking.com /bin/bash
root@6322d7abd4b6:/# ls
bin   dev  home  lib64  mnt  proc  run   srv  test_pwd  usr

boot  etc  lib   media  opt  root  sbin  sys  tmp       var

root@6322d7abd4b6:/# ls /test_pwd/

docker-compose-test.yml  docker-compose.yml  test  test_voloumes.yaml
</code></pre></div></div>
<p>可以看到映射成功了。</p>

<p>特殊用法
在研究fabric项目的时候还发现有另外一种用法</p>
<div class="highlighter-rouge"><div class="highlight"><pre class="highlight"><code>version: '2'

volumes:
  test_1.thinking.com:
  test_2.thinking.com:

networks:
  thinking:

services:
  test_1.thinking.com:
    image: ubuntu
    ports:
      - "3333:3333"
    container_name: test_1.thinking.com
    command: /bin/bash
    volumes:
      - test_1.thinking.com:/test
      - $PWD/:/test_pwd
    tty: true
    networks:
      - thinking

  test_2.thinking.com:
    image: ubuntu
    ports:
      - "4444:4444"
    container_name: test_2.thinking.com
    command: /bin/bash
    tty: true
    networks:
      - thinking
</code></pre></div></div>
<p>试一下</p>
<div class="highlighter-rouge"><div class="highlight"><pre class="highlight"><code>$ docker-compose -f test_voloumes.yaml up -d
Creating volume "desktop_test_1.thinking.com" with default driver
Creating volume "desktop_test_2.thinking.com" with default driver
Recreating test_1.thinking.com ... 

Recreating test_1.thinking.com ... done
</code></pre></div></div>
<div class="highlighter-rouge"><div class="highlight"><pre class="highlight"><code>$ docker volume ls
DRIVER              VOLUME NAME
local               desktop_test_1.thinking.com

local               desktop_test_2.thinking.com
</code></pre></div></div>
<div class="highlighter-rouge"><div class="highlight"><pre class="highlight"><code>$ docker volume inspect desktop_test_1.thinking.com
[
    {
        "CreatedAt": "2018-06-06T02:37:41-07:00",
        "Driver": "local",
        "Labels": null,
        "Mountpoint": "/var/lib/docker/volumes/desktop_test_1.thinking.com/_data",
        "Name": "desktop_test_1.thinking.com",
        "Options": null,
        "Scope": "local"
    }

]
</code></pre></div></div>

<p>这看起来意思是volume test_1.thinking.com对应的物理机是/var/lib/docker/volumes/desktop_test_1.thinking.com/_ data，映射到docker虚拟机里面是/test，检验一下</p>
<div class="highlighter-rouge"><div class="highlight"><pre class="highlight"><code>$ docker exec -it test_1.thinking.com /bin/bash
root@104a3ebe6639:/# ls
bin   dev  home  lib64  mnt  proc  run   srv  test      tmp  var
boot  etc  lib   media  opt  root  sbin  sys  test_pwd  usr

root@104a3ebe6639:/# mkdir -p /test/fuck
</code></pre></div></div>
<p>到物理机里面去看</p>
<div class="highlighter-rouge"><div class="highlight"><pre class="highlight"><code>$ ls /var/lib/docker/volumes/desktop_test_1.thinking.com/_data

ls: cannot access '/var/lib/docker/volumes/desktop_test_1.thinking.com/_data': Permission denied

$ sudo ls /var/lib/docker/volumes/desktop_test_1.thinking.com/_data

fuck
</code></pre></div></div>
:ET